running egg_info
creating build/control_turtle/control_turtle.egg-info
writing build/control_turtle/control_turtle.egg-info/PKG-INFO
writing dependency_links to build/control_turtle/control_turtle.egg-info/dependency_links.txt
writing entry points to build/control_turtle/control_turtle.egg-info/entry_points.txt
writing requirements to build/control_turtle/control_turtle.egg-info/requires.txt
writing top-level names to build/control_turtle/control_turtle.egg-info/top_level.txt
writing manifest file 'build/control_turtle/control_turtle.egg-info/SOURCES.txt'
reading manifest file 'build/control_turtle/control_turtle.egg-info/SOURCES.txt'
writing manifest file 'build/control_turtle/control_turtle.egg-info/SOURCES.txt'
running build
running build_py
creating /home/sana/colcon1_ws/src/control_turtle/build/control_turtle/build
creating /home/sana/colcon1_ws/src/control_turtle/build/control_turtle/build/lib
creating /home/sana/colcon1_ws/src/control_turtle/build/control_turtle/build/lib/control_turtle
copying control_turtle/perception_node.py -> /home/sana/colcon1_ws/src/control_turtle/build/control_turtle/build/lib/control_turtle
copying control_turtle/Movment_node.py -> /home/sana/colcon1_ws/src/control_turtle/build/control_turtle/build/lib/control_turtle
copying control_turtle/__init__.py -> /home/sana/colcon1_ws/src/control_turtle/build/control_turtle/build/lib/control_turtle
running install
running install_lib
creating /home/sana/colcon1_ws/src/control_turtle/install/control_turtle/lib/python3.10/site-packages/control_turtle
copying /home/sana/colcon1_ws/src/control_turtle/build/control_turtle/build/lib/control_turtle/perception_node.py -> /home/sana/colcon1_ws/src/control_turtle/install/control_turtle/lib/python3.10/site-packages/control_turtle
copying /home/sana/colcon1_ws/src/control_turtle/build/control_turtle/build/lib/control_turtle/Movment_node.py -> /home/sana/colcon1_ws/src/control_turtle/install/control_turtle/lib/python3.10/site-packages/control_turtle
copying /home/sana/colcon1_ws/src/control_turtle/build/control_turtle/build/lib/control_turtle/__init__.py -> /home/sana/colcon1_ws/src/control_turtle/install/control_turtle/lib/python3.10/site-packages/control_turtle
byte-compiling /home/sana/colcon1_ws/src/control_turtle/install/control_turtle/lib/python3.10/site-packages/control_turtle/perception_node.py to perception_node.cpython-310.pyc
byte-compiling /home/sana/colcon1_ws/src/control_turtle/install/control_turtle/lib/python3.10/site-packages/control_turtle/Movment_node.py to Movment_node.cpython-310.pyc
byte-compiling /home/sana/colcon1_ws/src/control_turtle/install/control_turtle/lib/python3.10/site-packages/control_turtle/__init__.py to __init__.cpython-310.pyc
running install_data
creating /home/sana/colcon1_ws/src/control_turtle/install/control_turtle/share/ament_index
creating /home/sana/colcon1_ws/src/control_turtle/install/control_turtle/share/ament_index/resource_index
creating /home/sana/colcon1_ws/src/control_turtle/install/control_turtle/share/ament_index/resource_index/packages
copying resource/control_turtle -> /home/sana/colcon1_ws/src/control_turtle/install/control_turtle/share/ament_index/resource_index/packages
copying package.xml -> /home/sana/colcon1_ws/src/control_turtle/install/control_turtle/share/control_turtle
running install_egg_info
Copying build/control_turtle/control_turtle.egg-info to /home/sana/colcon1_ws/src/control_turtle/install/control_turtle/lib/python3.10/site-packages/control_turtle-0.0.0-py3.10.egg-info
running install_scripts
Installing Movment_node script to /home/sana/colcon1_ws/src/control_turtle/install/control_turtle/lib/control_turtle
Installing perception_node script to /home/sana/colcon1_ws/src/control_turtle/install/control_turtle/lib/control_turtle
writing list of installed files to '/home/sana/colcon1_ws/src/control_turtle/build/control_turtle/install.log'
