[0.342s] DEBUG:colcon:Command line arguments: ['/usr/bin/colcon', 'build', '--packages-select', 'control_turtle']
[0.342s] DEBUG:colcon:Parsed command line arguments: Namespace(log_base=None, log_level=None, verb_name='build', build_base='build', install_base='install', merge_install=False, symlink_install=False, test_result_base=None, continue_on_error=False, executor='parallel', parallel_workers=4, event_handlers=None, ignore_user_meta=False, metas=['./colcon.meta'], base_paths=['.'], packages_ignore=None, packages_ignore_regex=None, paths=None, packages_up_to=None, packages_up_to_regex=None, packages_above=None, packages_above_and_dependencies=None, packages_above_depth=None, packages_select_by_dep=None, packages_skip_by_dep=None, packages_skip_up_to=None, packages_select_build_failed=False, packages_skip_build_finished=False, packages_select_test_failures=False, packages_skip_test_passed=False, packages_select=['control_turtle'], packages_skip=None, packages_select_regex=None, packages_skip_regex=None, packages_start=None, packages_end=None, allow_overriding=[], cmake_args=None, cmake_target=None, cmake_target_skip_unavailable=False, cmake_clean_cache=False, cmake_clean_first=False, cmake_force_configure=False, ament_cmake_args=None, catkin_cmake_args=None, catkin_skip_building_tests=False, mixin_files=None, mixin=None, verb_parser=<colcon_mixin.mixin.mixin_argument.MixinArgumentDecorator object at 0x7f29f888af20>, verb_extension=<colcon_core.verb.build.BuildVerb object at 0x7f29f888a890>, main=<bound method BuildVerb.main of <colcon_core.verb.build.BuildVerb object at 0x7f29f888a890>>, mixin_verb=('build',))
[0.839s] Level 1:colcon.colcon_core.package_discovery:discover_packages(colcon_meta) check parameters
[0.839s] Level 1:colcon.colcon_core.package_discovery:discover_packages(recursive) check parameters
[0.839s] Level 1:colcon.colcon_core.package_discovery:discover_packages(ignore) check parameters
[0.839s] Level 1:colcon.colcon_core.package_discovery:discover_packages(path) check parameters
[0.839s] Level 1:colcon.colcon_core.package_discovery:discover_packages(colcon_meta) discover
[0.840s] Level 1:colcon.colcon_core.package_discovery:discover_packages(recursive) discover
[0.840s] INFO:colcon.colcon_core.package_discovery:Crawling recursively for packages in '/home/sana/colcon1_ws/src/control_turtle'
[0.840s] Level 1:colcon.colcon_core.package_identification:_identify(.) by extensions ['ignore', 'ignore_ament_install']
[0.841s] Level 1:colcon.colcon_core.package_identification:_identify(.) by extension 'ignore'
[0.841s] Level 1:colcon.colcon_core.package_identification:_identify(.) by extension 'ignore_ament_install'
[0.841s] Level 1:colcon.colcon_core.package_identification:_identify(.) by extensions ['colcon_pkg']
[0.841s] Level 1:colcon.colcon_core.package_identification:_identify(.) by extension 'colcon_pkg'
[0.841s] Level 1:colcon.colcon_core.package_identification:_identify(.) by extensions ['colcon_meta']
[0.841s] Level 1:colcon.colcon_core.package_identification:_identify(.) by extension 'colcon_meta'
[0.841s] Level 1:colcon.colcon_core.package_identification:_identify(.) by extensions ['ros']
[0.841s] Level 1:colcon.colcon_core.package_identification:_identify(.) by extension 'ros'
[0.883s] DEBUG:colcon.colcon_core.package_identification:Package '.' with type 'ros.ament_python' and name 'control_turtle'
[0.884s] Level 1:colcon.colcon_core.package_discovery:discover_packages(recursive) using defaults
[0.884s] Level 1:colcon.colcon_core.package_discovery:discover_packages(ignore) discover
[0.884s] Level 1:colcon.colcon_core.package_discovery:discover_packages(ignore) using defaults
[0.884s] Level 1:colcon.colcon_core.package_discovery:discover_packages(path) discover
[0.884s] Level 1:colcon.colcon_core.package_discovery:discover_packages(path) using defaults
[0.999s] Level 1:colcon.colcon_core.package_discovery:discover_packages(prefix_path) check parameters
[0.999s] Level 1:colcon.colcon_core.package_discovery:discover_packages(prefix_path) discover
[1.008s] DEBUG:colcon.colcon_installed_package_information.package_discovery:Found 1 installed packages in /home/sana/colcon1_ws/src/control_turtle/install
[1.011s] DEBUG:colcon.colcon_installed_package_information.package_discovery:Found 16 installed packages in /home/sana/colcon1_ws/install
[1.015s] DEBUG:colcon.colcon_installed_package_information.package_discovery:Found 14 installed packages in /home/sana/colcon1_ws/src/install
[1.019s] DEBUG:colcon.colcon_installed_package_information.package_discovery:Found 1 installed packages in /home/sana/colcon_ws/install
[1.025s] DEBUG:colcon.colcon_installed_package_information.package_discovery:Found 377 installed packages in /opt/ros/humble
[1.031s] Level 1:colcon.colcon_core.package_discovery:discover_packages(prefix_path) using defaults
[1.210s] Level 5:colcon.colcon_core.verb:set package 'control_turtle' build argument 'cmake_args' from command line to 'None'
[1.211s] Level 5:colcon.colcon_core.verb:set package 'control_turtle' build argument 'cmake_target' from command line to 'None'
[1.211s] Level 5:colcon.colcon_core.verb:set package 'control_turtle' build argument 'cmake_target_skip_unavailable' from command line to 'False'
[1.211s] Level 5:colcon.colcon_core.verb:set package 'control_turtle' build argument 'cmake_clean_cache' from command line to 'False'
[1.211s] Level 5:colcon.colcon_core.verb:set package 'control_turtle' build argument 'cmake_clean_first' from command line to 'False'
[1.211s] Level 5:colcon.colcon_core.verb:set package 'control_turtle' build argument 'cmake_force_configure' from command line to 'False'
[1.211s] Level 5:colcon.colcon_core.verb:set package 'control_turtle' build argument 'ament_cmake_args' from command line to 'None'
[1.211s] Level 5:colcon.colcon_core.verb:set package 'control_turtle' build argument 'catkin_cmake_args' from command line to 'None'
[1.211s] Level 5:colcon.colcon_core.verb:set package 'control_turtle' build argument 'catkin_skip_building_tests' from command line to 'False'
[1.212s] DEBUG:colcon.colcon_core.verb:Building package 'control_turtle' with the following arguments: {'ament_cmake_args': None, 'build_base': '/home/sana/colcon1_ws/src/control_turtle/build/control_turtle', 'catkin_cmake_args': None, 'catkin_skip_building_tests': False, 'cmake_args': None, 'cmake_clean_cache': False, 'cmake_clean_first': False, 'cmake_force_configure': False, 'cmake_target': None, 'cmake_target_skip_unavailable': False, 'install_base': '/home/sana/colcon1_ws/src/control_turtle/install/control_turtle', 'merge_install': False, 'path': '/home/sana/colcon1_ws/src/control_turtle', 'symlink_install': False, 'test_result_base': None}
[1.212s] INFO:colcon.colcon_core.executor:Executing jobs using 'parallel' executor
[1.218s] DEBUG:colcon.colcon_parallel_executor.executor.parallel:run_until_complete
[1.219s] INFO:colcon.colcon_ros.task.ament_python.build:Building ROS package in '/home/sana/colcon1_ws/src/control_turtle' with build type 'ament_python'
[1.220s] Level 1:colcon.colcon_core.shell:create_environment_hook('control_turtle', 'ament_prefix_path')
[1.233s] INFO:colcon.colcon_core.plugin_system:Skipping extension 'colcon_core.shell.bat': Not used on non-Windows systems
[1.234s] INFO:colcon.colcon_core.shell:Creating environment hook '/home/sana/colcon1_ws/src/control_turtle/install/control_turtle/share/control_turtle/hook/ament_prefix_path.ps1'
[1.237s] INFO:colcon.colcon_core.shell:Creating environment descriptor '/home/sana/colcon1_ws/src/control_turtle/install/control_turtle/share/control_turtle/hook/ament_prefix_path.dsv'
[1.239s] INFO:colcon.colcon_core.shell:Creating environment hook '/home/sana/colcon1_ws/src/control_turtle/install/control_turtle/share/control_turtle/hook/ament_prefix_path.sh'
[1.242s] INFO:colcon.colcon_core.shell:Skip shell extension 'powershell' for command environment: Not usable outside of PowerShell
[1.242s] DEBUG:colcon.colcon_core.shell:Skip shell extension 'dsv' for command environment
[2.191s] INFO:colcon.colcon_core.task.python.build:Building Python package in '/home/sana/colcon1_ws/src/control_turtle'
[2.192s] INFO:colcon.colcon_core.shell:Skip shell extension 'powershell' for command environment: Not usable outside of PowerShell
[2.193s] DEBUG:colcon.colcon_core.shell:Skip shell extension 'dsv' for command environment
[3.445s] DEBUG:colcon.colcon_core.event_handler.log_command:Invoking command in '/home/sana/colcon1_ws/src/control_turtle': PYTHONPATH=/home/sana/colcon1_ws/src/control_turtle/build/control_turtle/prefix_override:/usr/lib/python3/dist-packages/colcon_core/task/python/colcon_distutils_commands:/home/sana/colcon1_ws/src/control_turtle/install/control_turtle/lib/python3.10/site-packages:${PYTHONPATH} /usr/bin/python3 -W ignore:setup.py install is deprecated -W ignore:easy_install command is deprecated setup.py egg_info --egg-base build/control_turtle build --build-base /home/sana/colcon1_ws/src/control_turtle/build/control_turtle/build install --record /home/sana/colcon1_ws/src/control_turtle/build/control_turtle/install.log --single-version-externally-managed install_data
[4.417s] DEBUG:colcon.colcon_core.event_handler.log_command:Invoked command in '/home/sana/colcon1_ws/src/control_turtle' returned '0': PYTHONPATH=/home/sana/colcon1_ws/src/control_turtle/build/control_turtle/prefix_override:/usr/lib/python3/dist-packages/colcon_core/task/python/colcon_distutils_commands:/home/sana/colcon1_ws/src/control_turtle/install/control_turtle/lib/python3.10/site-packages:${PYTHONPATH} /usr/bin/python3 -W ignore:setup.py install is deprecated -W ignore:easy_install command is deprecated setup.py egg_info --egg-base build/control_turtle build --build-base /home/sana/colcon1_ws/src/control_turtle/build/control_turtle/build install --record /home/sana/colcon1_ws/src/control_turtle/build/control_turtle/install.log --single-version-externally-managed install_data
[4.429s] Level 1:colcon.colcon_core.environment:checking '/home/sana/colcon1_ws/src/control_turtle/install/control_turtle' for CMake module files
[4.431s] Level 1:colcon.colcon_core.environment:checking '/home/sana/colcon1_ws/src/control_turtle/install/control_turtle' for CMake config files
[4.434s] Level 1:colcon.colcon_core.environment:checking '/home/sana/colcon1_ws/src/control_turtle/install/control_turtle/lib'
[4.435s] Level 1:colcon.colcon_core.environment:checking '/home/sana/colcon1_ws/src/control_turtle/install/control_turtle/bin'
[4.435s] Level 1:colcon.colcon_core.environment:checking '/home/sana/colcon1_ws/src/control_turtle/install/control_turtle/lib/pkgconfig/control_turtle.pc'
[4.437s] Level 1:colcon.colcon_core.environment:checking '/home/sana/colcon1_ws/src/control_turtle/install/control_turtle/lib/python3.10/site-packages'
[4.437s] Level 1:colcon.colcon_core.shell:create_environment_hook('control_turtle', 'pythonpath')
[4.438s] INFO:colcon.colcon_core.shell:Creating environment hook '/home/sana/colcon1_ws/src/control_turtle/install/control_turtle/share/control_turtle/hook/pythonpath.ps1'
[4.441s] INFO:colcon.colcon_core.shell:Creating environment descriptor '/home/sana/colcon1_ws/src/control_turtle/install/control_turtle/share/control_turtle/hook/pythonpath.dsv'
[4.442s] INFO:colcon.colcon_core.shell:Creating environment hook '/home/sana/colcon1_ws/src/control_turtle/install/control_turtle/share/control_turtle/hook/pythonpath.sh'
[4.446s] Level 1:colcon.colcon_core.environment:checking '/home/sana/colcon1_ws/src/control_turtle/install/control_turtle/bin'
[4.447s] Level 1:colcon.colcon_core.environment:create_environment_scripts_only(control_turtle)
[4.448s] INFO:colcon.colcon_core.shell:Creating package script '/home/sana/colcon1_ws/src/control_turtle/install/control_turtle/share/control_turtle/package.ps1'
[4.452s] INFO:colcon.colcon_core.shell:Creating package descriptor '/home/sana/colcon1_ws/src/control_turtle/install/control_turtle/share/control_turtle/package.dsv'
[4.455s] INFO:colcon.colcon_core.shell:Creating package script '/home/sana/colcon1_ws/src/control_turtle/install/control_turtle/share/control_turtle/package.sh'
[4.459s] INFO:colcon.colcon_core.shell:Creating package script '/home/sana/colcon1_ws/src/control_turtle/install/control_turtle/share/control_turtle/package.bash'
[4.463s] INFO:colcon.colcon_core.shell:Creating package script '/home/sana/colcon1_ws/src/control_turtle/install/control_turtle/share/control_turtle/package.zsh'
[4.466s] Level 1:colcon.colcon_core.environment:create_file_with_runtime_dependencies(/home/sana/colcon1_ws/src/control_turtle/install/control_turtle/share/colcon-core/packages/control_turtle)
[4.469s] DEBUG:colcon.colcon_parallel_executor.executor.parallel:closing loop
[4.471s] DEBUG:colcon.colcon_parallel_executor.executor.parallel:loop closed
[4.471s] DEBUG:colcon.colcon_parallel_executor.executor.parallel:run_until_complete finished with '0'
[4.471s] DEBUG:colcon.colcon_core.event_reactor:joining thread
[4.499s] INFO:colcon.colcon_core.plugin_system:Skipping extension 'colcon_notification.desktop_notification.terminal_notifier': Not used on non-Darwin systems
[4.500s] INFO:colcon.colcon_core.plugin_system:Skipping extension 'colcon_notification.desktop_notification.win32': Not used on non-Windows systems
[4.500s] INFO:colcon.colcon_notification.desktop_notification:Sending desktop notification using 'notify2'
[4.540s] DEBUG:colcon.colcon_core.event_reactor:joined thread
[4.541s] INFO:colcon.colcon_core.shell:Creating prefix script '/home/sana/colcon1_ws/src/control_turtle/install/local_setup.ps1'
[4.545s] INFO:colcon.colcon_core.shell:Creating prefix util module '/home/sana/colcon1_ws/src/control_turtle/install/_local_setup_util_ps1.py'
[4.550s] INFO:colcon.colcon_core.shell:Creating prefix chain script '/home/sana/colcon1_ws/src/control_turtle/install/setup.ps1'
[4.556s] INFO:colcon.colcon_core.shell:Creating prefix script '/home/sana/colcon1_ws/src/control_turtle/install/local_setup.sh'
[4.559s] INFO:colcon.colcon_core.shell:Creating prefix util module '/home/sana/colcon1_ws/src/control_turtle/install/_local_setup_util_sh.py'
[4.561s] INFO:colcon.colcon_core.shell:Creating prefix chain script '/home/sana/colcon1_ws/src/control_turtle/install/setup.sh'
[4.568s] INFO:colcon.colcon_core.shell:Creating prefix script '/home/sana/colcon1_ws/src/control_turtle/install/local_setup.bash'
[4.571s] INFO:colcon.colcon_core.shell:Creating prefix chain script '/home/sana/colcon1_ws/src/control_turtle/install/setup.bash'
[4.578s] INFO:colcon.colcon_core.shell:Creating prefix script '/home/sana/colcon1_ws/src/control_turtle/install/local_setup.zsh'
[4.580s] INFO:colcon.colcon_core.shell:Creating prefix chain script '/home/sana/colcon1_ws/src/control_turtle/install/setup.zsh'
