[3.520s] Invoking command in '/home/sana/colcon1_ws/src/control_turtle': PYTHONPATH=/home/sana/colcon1_ws/src/control_turtle/build/control_turtle/prefix_override:/usr/lib/python3/dist-packages/colcon_core/task/python/colcon_distutils_commands:/home/sana/colcon1_ws/src/control_turtle/install/control_turtle/lib/python3.10/site-packages:${PYTHONPATH} /usr/bin/python3 -W ignore:setup.py install is deprecated -W ignore:easy_install command is deprecated setup.py egg_info --egg-base build/control_turtle build --build-base /home/sana/colcon1_ws/src/control_turtle/build/control_turtle/build install --record /home/sana/colcon1_ws/src/control_turtle/build/control_turtle/install.log --single-version-externally-managed install_data
[4.856s] running egg_info
[4.859s] writing build/control_turtle/control_turtle.egg-info/PKG-INFO
[4.859s] writing dependency_links to build/control_turtle/control_turtle.egg-info/dependency_links.txt
[4.861s] writing entry points to build/control_turtle/control_turtle.egg-info/entry_points.txt
[4.862s] writing requirements to build/control_turtle/control_turtle.egg-info/requires.txt
[4.862s] writing top-level names to build/control_turtle/control_turtle.egg-info/top_level.txt
[4.869s] reading manifest file 'build/control_turtle/control_turtle.egg-info/SOURCES.txt'
[4.872s] writing manifest file 'build/control_turtle/control_turtle.egg-info/SOURCES.txt'
[4.873s] running build
[4.874s] running build_py
[4.874s] copying control_turtle/perception_node.py -> /home/sana/colcon1_ws/src/control_turtle/build/control_turtle/build/lib/control_turtle
[4.875s] running install
[4.876s] running install_lib
[4.882s] copying /home/sana/colcon1_ws/src/control_turtle/build/control_turtle/build/lib/control_turtle/perception_node.py -> /home/sana/colcon1_ws/src/control_turtle/install/control_turtle/lib/python3.10/site-packages/control_turtle
[4.884s] byte-compiling /home/sana/colcon1_ws/src/control_turtle/install/control_turtle/lib/python3.10/site-packages/control_turtle/perception_node.py to perception_node.cpython-310.pyc
[4.886s] running install_data
[4.887s] running install_egg_info
[4.894s] removing '/home/sana/colcon1_ws/src/control_turtle/install/control_turtle/lib/python3.10/site-packages/control_turtle-0.0.0-py3.10.egg-info' (and everything under it)
[4.895s] Copying build/control_turtle/control_turtle.egg-info to /home/sana/colcon1_ws/src/control_turtle/install/control_turtle/lib/python3.10/site-packages/control_turtle-0.0.0-py3.10.egg-info
[4.901s] running install_scripts
[4.992s] Installing Movment_node script to /home/sana/colcon1_ws/src/control_turtle/install/control_turtle/lib/control_turtle
[4.993s] Installing perception_node script to /home/sana/colcon1_ws/src/control_turtle/install/control_turtle/lib/control_turtle
[4.994s] writing list of installed files to '/home/sana/colcon1_ws/src/control_turtle/build/control_turtle/install.log'
[5.142s] Invoked command in '/home/sana/colcon1_ws/src/control_turtle' returned '0': PYTHONPATH=/home/sana/colcon1_ws/src/control_turtle/build/control_turtle/prefix_override:/usr/lib/python3/dist-packages/colcon_core/task/python/colcon_distutils_commands:/home/sana/colcon1_ws/src/control_turtle/install/control_turtle/lib/python3.10/site-packages:${PYTHONPATH} /usr/bin/python3 -W ignore:setup.py install is deprecated -W ignore:easy_install command is deprecated setup.py egg_info --egg-base build/control_turtle build --build-base /home/sana/colcon1_ws/src/control_turtle/build/control_turtle/build install --record /home/sana/colcon1_ws/src/control_turtle/build/control_turtle/install.log --single-version-externally-managed install_data
