[0.272s] DEBUG:colcon:Command line arguments: ['/usr/bin/colcon', 'build', '--packages-select', 'control_turtle']
[0.273s] DEBUG:colcon:Parsed command line arguments: Namespace(log_base=None, log_level=None, verb_name='build', build_base='build', install_base='install', merge_install=False, symlink_install=False, test_result_base=None, continue_on_error=False, executor='parallel', parallel_workers=4, event_handlers=None, ignore_user_meta=False, metas=['./colcon.meta'], base_paths=['.'], packages_ignore=None, packages_ignore_regex=None, paths=None, packages_up_to=None, packages_up_to_regex=None, packages_above=None, packages_above_and_dependencies=None, packages_above_depth=None, packages_select_by_dep=None, packages_skip_by_dep=None, packages_skip_up_to=None, packages_select_build_failed=False, packages_skip_build_finished=False, packages_select_test_failures=False, packages_skip_test_passed=False, packages_select=['control_turtle'], packages_skip=None, packages_select_regex=None, packages_skip_regex=None, packages_start=None, packages_end=None, allow_overriding=[], cmake_args=None, cmake_target=None, cmake_target_skip_unavailable=False, cmake_clean_cache=False, cmake_clean_first=False, cmake_force_configure=False, ament_cmake_args=None, catkin_cmake_args=None, catkin_skip_building_tests=False, mixin_files=None, mixin=None, verb_parser=<colcon_mixin.mixin.mixin_argument.MixinArgumentDecorator object at 0x71be9217eec0>, verb_extension=<colcon_core.verb.build.BuildVerb object at 0x71be9217e830>, main=<bound method BuildVerb.main of <colcon_core.verb.build.BuildVerb object at 0x71be9217e830>>, mixin_verb=('build',))
[0.668s] Level 1:colcon.colcon_core.package_discovery:discover_packages(colcon_meta) check parameters
[0.669s] Level 1:colcon.colcon_core.package_discovery:discover_packages(recursive) check parameters
[0.669s] Level 1:colcon.colcon_core.package_discovery:discover_packages(ignore) check parameters
[0.669s] Level 1:colcon.colcon_core.package_discovery:discover_packages(path) check parameters
[0.669s] Level 1:colcon.colcon_core.package_discovery:discover_packages(colcon_meta) discover
[0.669s] Level 1:colcon.colcon_core.package_discovery:discover_packages(recursive) discover
[0.669s] INFO:colcon.colcon_core.package_discovery:Crawling recursively for packages in '/home/sana/colcon1_ws/src/control_turtle'
[0.670s] Level 1:colcon.colcon_core.package_identification:_identify(.) by extensions ['ignore', 'ignore_ament_install']
[0.670s] Level 1:colcon.colcon_core.package_identification:_identify(.) by extension 'ignore'
[0.670s] Level 1:colcon.colcon_core.package_identification:_identify(.) by extension 'ignore_ament_install'
[0.670s] Level 1:colcon.colcon_core.package_identification:_identify(.) by extensions ['colcon_pkg']
[0.671s] Level 1:colcon.colcon_core.package_identification:_identify(.) by extension 'colcon_pkg'
[0.671s] Level 1:colcon.colcon_core.package_identification:_identify(.) by extensions ['colcon_meta']
[0.671s] Level 1:colcon.colcon_core.package_identification:_identify(.) by extension 'colcon_meta'
[0.671s] Level 1:colcon.colcon_core.package_identification:_identify(.) by extensions ['ros']
[0.671s] Level 1:colcon.colcon_core.package_identification:_identify(.) by extension 'ros'
[0.705s] DEBUG:colcon.colcon_core.package_identification:Package '.' with type 'ros.ament_python' and name 'control_turtle'
[0.706s] Level 1:colcon.colcon_core.package_discovery:discover_packages(recursive) using defaults
[0.706s] Level 1:colcon.colcon_core.package_discovery:discover_packages(ignore) discover
[0.706s] Level 1:colcon.colcon_core.package_discovery:discover_packages(ignore) using defaults
[0.706s] Level 1:colcon.colcon_core.package_discovery:discover_packages(path) discover
[0.706s] Level 1:colcon.colcon_core.package_discovery:discover_packages(path) using defaults
[0.785s] Level 1:colcon.colcon_core.package_discovery:discover_packages(prefix_path) check parameters
[0.785s] Level 1:colcon.colcon_core.package_discovery:discover_packages(prefix_path) discover
[0.793s] DEBUG:colcon.colcon_installed_package_information.package_discovery:Found 14 installed packages in /home/sana/colcon1_ws/src/install
[0.795s] DEBUG:colcon.colcon_installed_package_information.package_discovery:Found 11 installed packages in /home/sana/install
[0.798s] DEBUG:colcon.colcon_installed_package_information.package_discovery:Found 16 installed packages in /home/sana/colcon1_ws/install
[0.802s] DEBUG:colcon.colcon_installed_package_information.package_discovery:Found 1 installed packages in /home/sana/colcon_ws/install
[0.806s] DEBUG:colcon.colcon_installed_package_information.package_discovery:Found 377 installed packages in /opt/ros/humble
[0.811s] Level 1:colcon.colcon_core.package_discovery:discover_packages(prefix_path) using defaults
[0.944s] Level 5:colcon.colcon_core.verb:set package 'control_turtle' build argument 'cmake_args' from command line to 'None'
[0.944s] Level 5:colcon.colcon_core.verb:set package 'control_turtle' build argument 'cmake_target' from command line to 'None'
[0.944s] Level 5:colcon.colcon_core.verb:set package 'control_turtle' build argument 'cmake_target_skip_unavailable' from command line to 'False'
[0.944s] Level 5:colcon.colcon_core.verb:set package 'control_turtle' build argument 'cmake_clean_cache' from command line to 'False'
[0.944s] Level 5:colcon.colcon_core.verb:set package 'control_turtle' build argument 'cmake_clean_first' from command line to 'False'
[0.944s] Level 5:colcon.colcon_core.verb:set package 'control_turtle' build argument 'cmake_force_configure' from command line to 'False'
[0.944s] Level 5:colcon.colcon_core.verb:set package 'control_turtle' build argument 'ament_cmake_args' from command line to 'None'
[0.944s] Level 5:colcon.colcon_core.verb:set package 'control_turtle' build argument 'catkin_cmake_args' from command line to 'None'
[0.944s] Level 5:colcon.colcon_core.verb:set package 'control_turtle' build argument 'catkin_skip_building_tests' from command line to 'False'
[0.945s] DEBUG:colcon.colcon_core.verb:Building package 'control_turtle' with the following arguments: {'ament_cmake_args': None, 'build_base': '/home/sana/colcon1_ws/src/control_turtle/build/control_turtle', 'catkin_cmake_args': None, 'catkin_skip_building_tests': False, 'cmake_args': None, 'cmake_clean_cache': False, 'cmake_clean_first': False, 'cmake_force_configure': False, 'cmake_target': None, 'cmake_target_skip_unavailable': False, 'install_base': '/home/sana/colcon1_ws/src/control_turtle/install/control_turtle', 'merge_install': False, 'path': '/home/sana/colcon1_ws/src/control_turtle', 'symlink_install': False, 'test_result_base': None}
[0.945s] INFO:colcon.colcon_core.executor:Executing jobs using 'parallel' executor
[0.948s] DEBUG:colcon.colcon_parallel_executor.executor.parallel:run_until_complete
[0.949s] INFO:colcon.colcon_ros.task.ament_python.build:Building ROS package in '/home/sana/colcon1_ws/src/control_turtle' with build type 'ament_python'
[0.950s] Level 1:colcon.colcon_core.shell:create_environment_hook('control_turtle', 'ament_prefix_path')
[0.956s] INFO:colcon.colcon_core.plugin_system:Skipping extension 'colcon_core.shell.bat': Not used on non-Windows systems
[0.957s] INFO:colcon.colcon_core.shell:Creating environment hook '/home/sana/colcon1_ws/src/control_turtle/install/control_turtle/share/control_turtle/hook/ament_prefix_path.ps1'
[0.959s] INFO:colcon.colcon_core.shell:Creating environment descriptor '/home/sana/colcon1_ws/src/control_turtle/install/control_turtle/share/control_turtle/hook/ament_prefix_path.dsv'
[0.961s] INFO:colcon.colcon_core.shell:Creating environment hook '/home/sana/colcon1_ws/src/control_turtle/install/control_turtle/share/control_turtle/hook/ament_prefix_path.sh'
[0.964s] INFO:colcon.colcon_core.shell:Skip shell extension 'powershell' for command environment: Not usable outside of PowerShell
[0.964s] DEBUG:colcon.colcon_core.shell:Skip shell extension 'dsv' for command environment
[1.736s] INFO:colcon.colcon_core.task.python.build:Building Python package in '/home/sana/colcon1_ws/src/control_turtle'
[1.737s] INFO:colcon.colcon_core.shell:Skip shell extension 'powershell' for command environment: Not usable outside of PowerShell
[1.737s] DEBUG:colcon.colcon_core.shell:Skip shell extension 'dsv' for command environment
[2.761s] DEBUG:colcon.colcon_core.event_handler.log_command:Invoking command in '/home/sana/colcon1_ws/src/control_turtle': PYTHONPATH=/home/sana/colcon1_ws/src/control_turtle/build/control_turtle/prefix_override:/usr/lib/python3/dist-packages/colcon_core/task/python/colcon_distutils_commands:/home/sana/colcon1_ws/src/control_turtle/install/control_turtle/lib/python3.10/site-packages:${PYTHONPATH} /usr/bin/python3 -W ignore:setup.py install is deprecated -W ignore:easy_install command is deprecated setup.py egg_info --egg-base build/control_turtle build --build-base /home/sana/colcon1_ws/src/control_turtle/build/control_turtle/build install --record /home/sana/colcon1_ws/src/control_turtle/build/control_turtle/install.log --single-version-externally-managed install_data
[3.627s] DEBUG:colcon.colcon_core.event_handler.log_command:Invoked command in '/home/sana/colcon1_ws/src/control_turtle' returned '0': PYTHONPATH=/home/sana/colcon1_ws/src/control_turtle/build/control_turtle/prefix_override:/usr/lib/python3/dist-packages/colcon_core/task/python/colcon_distutils_commands:/home/sana/colcon1_ws/src/control_turtle/install/control_turtle/lib/python3.10/site-packages:${PYTHONPATH} /usr/bin/python3 -W ignore:setup.py install is deprecated -W ignore:easy_install command is deprecated setup.py egg_info --egg-base build/control_turtle build --build-base /home/sana/colcon1_ws/src/control_turtle/build/control_turtle/build install --record /home/sana/colcon1_ws/src/control_turtle/build/control_turtle/install.log --single-version-externally-managed install_data
[3.636s] Level 1:colcon.colcon_core.environment:checking '/home/sana/colcon1_ws/src/control_turtle/install/control_turtle' for CMake module files
[3.638s] Level 1:colcon.colcon_core.environment:checking '/home/sana/colcon1_ws/src/control_turtle/install/control_turtle' for CMake config files
[3.640s] Level 1:colcon.colcon_core.environment:checking '/home/sana/colcon1_ws/src/control_turtle/install/control_turtle/lib'
[3.641s] Level 1:colcon.colcon_core.environment:checking '/home/sana/colcon1_ws/src/control_turtle/install/control_turtle/bin'
[3.642s] Level 1:colcon.colcon_core.environment:checking '/home/sana/colcon1_ws/src/control_turtle/install/control_turtle/lib/pkgconfig/control_turtle.pc'
[3.643s] Level 1:colcon.colcon_core.environment:checking '/home/sana/colcon1_ws/src/control_turtle/install/control_turtle/lib/python3.10/site-packages'
[3.643s] Level 1:colcon.colcon_core.shell:create_environment_hook('control_turtle', 'pythonpath')
[3.644s] INFO:colcon.colcon_core.shell:Creating environment hook '/home/sana/colcon1_ws/src/control_turtle/install/control_turtle/share/control_turtle/hook/pythonpath.ps1'
[3.646s] INFO:colcon.colcon_core.shell:Creating environment descriptor '/home/sana/colcon1_ws/src/control_turtle/install/control_turtle/share/control_turtle/hook/pythonpath.dsv'
[3.648s] INFO:colcon.colcon_core.shell:Creating environment hook '/home/sana/colcon1_ws/src/control_turtle/install/control_turtle/share/control_turtle/hook/pythonpath.sh'
[3.651s] Level 1:colcon.colcon_core.environment:checking '/home/sana/colcon1_ws/src/control_turtle/install/control_turtle/bin'
[3.652s] Level 1:colcon.colcon_core.environment:create_environment_scripts_only(control_turtle)
[3.653s] INFO:colcon.colcon_core.shell:Creating package script '/home/sana/colcon1_ws/src/control_turtle/install/control_turtle/share/control_turtle/package.ps1'
[3.657s] INFO:colcon.colcon_core.shell:Creating package descriptor '/home/sana/colcon1_ws/src/control_turtle/install/control_turtle/share/control_turtle/package.dsv'
[3.660s] INFO:colcon.colcon_core.shell:Creating package script '/home/sana/colcon1_ws/src/control_turtle/install/control_turtle/share/control_turtle/package.sh'
[3.664s] INFO:colcon.colcon_core.shell:Creating package script '/home/sana/colcon1_ws/src/control_turtle/install/control_turtle/share/control_turtle/package.bash'
[3.668s] INFO:colcon.colcon_core.shell:Creating package script '/home/sana/colcon1_ws/src/control_turtle/install/control_turtle/share/control_turtle/package.zsh'
[3.670s] Level 1:colcon.colcon_core.environment:create_file_with_runtime_dependencies(/home/sana/colcon1_ws/src/control_turtle/install/control_turtle/share/colcon-core/packages/control_turtle)
[3.671s] DEBUG:colcon.colcon_parallel_executor.executor.parallel:closing loop
[3.672s] DEBUG:colcon.colcon_parallel_executor.executor.parallel:loop closed
[3.673s] DEBUG:colcon.colcon_parallel_executor.executor.parallel:run_until_complete finished with '0'
[3.673s] DEBUG:colcon.colcon_core.event_reactor:joining thread
[3.691s] INFO:colcon.colcon_core.plugin_system:Skipping extension 'colcon_notification.desktop_notification.terminal_notifier': Not used on non-Darwin systems
[3.691s] INFO:colcon.colcon_core.plugin_system:Skipping extension 'colcon_notification.desktop_notification.win32': Not used on non-Windows systems
[3.691s] INFO:colcon.colcon_notification.desktop_notification:Sending desktop notification using 'notify2'
[3.749s] DEBUG:colcon.colcon_core.event_reactor:joined thread
[3.751s] INFO:colcon.colcon_core.shell:Creating prefix script '/home/sana/colcon1_ws/src/control_turtle/install/local_setup.ps1'
[3.755s] INFO:colcon.colcon_core.shell:Creating prefix util module '/home/sana/colcon1_ws/src/control_turtle/install/_local_setup_util_ps1.py'
[3.761s] INFO:colcon.colcon_core.shell:Creating prefix chain script '/home/sana/colcon1_ws/src/control_turtle/install/setup.ps1'
[3.772s] INFO:colcon.colcon_core.shell:Creating prefix script '/home/sana/colcon1_ws/src/control_turtle/install/local_setup.sh'
[3.774s] INFO:colcon.colcon_core.shell:Creating prefix util module '/home/sana/colcon1_ws/src/control_turtle/install/_local_setup_util_sh.py'
[3.776s] INFO:colcon.colcon_core.shell:Creating prefix chain script '/home/sana/colcon1_ws/src/control_turtle/install/setup.sh'
[3.783s] INFO:colcon.colcon_core.shell:Creating prefix script '/home/sana/colcon1_ws/src/control_turtle/install/local_setup.bash'
[3.785s] INFO:colcon.colcon_core.shell:Creating prefix chain script '/home/sana/colcon1_ws/src/control_turtle/install/setup.bash'
[3.791s] INFO:colcon.colcon_core.shell:Creating prefix script '/home/sana/colcon1_ws/src/control_turtle/install/local_setup.zsh'
[3.793s] INFO:colcon.colcon_core.shell:Creating prefix chain script '/home/sana/colcon1_ws/src/control_turtle/install/setup.zsh'
