[0.339s] DEBUG:colcon:Command line arguments: ['/usr/bin/colcon', 'build', '--packages-select', 'control_turtle']
[0.340s] DEBUG:colcon:Parsed command line arguments: Namespace(log_base=None, log_level=None, verb_name='build', build_base='build', install_base='install', merge_install=False, symlink_install=False, test_result_base=None, continue_on_error=False, executor='parallel', parallel_workers=4, event_handlers=None, ignore_user_meta=False, metas=['./colcon.meta'], base_paths=['.'], packages_ignore=None, packages_ignore_regex=None, paths=None, packages_up_to=None, packages_up_to_regex=None, packages_above=None, packages_above_and_dependencies=None, packages_above_depth=None, packages_select_by_dep=None, packages_skip_by_dep=None, packages_skip_up_to=None, packages_select_build_failed=False, packages_skip_build_finished=False, packages_select_test_failures=False, packages_skip_test_passed=False, packages_select=['control_turtle'], packages_skip=None, packages_select_regex=None, packages_skip_regex=None, packages_start=None, packages_end=None, allow_overriding=[], cmake_args=None, cmake_target=None, cmake_target_skip_unavailable=False, cmake_clean_cache=False, cmake_clean_first=False, cmake_force_configure=False, ament_cmake_args=None, catkin_cmake_args=None, catkin_skip_building_tests=False, mixin_files=None, mixin=None, verb_parser=<colcon_mixin.mixin.mixin_argument.MixinArgumentDecorator object at 0x7a463788ef20>, verb_extension=<colcon_core.verb.build.BuildVerb object at 0x7a463788e890>, main=<bound method BuildVerb.main of <colcon_core.verb.build.BuildVerb object at 0x7a463788e890>>, mixin_verb=('build',))
[0.824s] Level 1:colcon.colcon_core.package_discovery:discover_packages(colcon_meta) check parameters
[0.825s] Level 1:colcon.colcon_core.package_discovery:discover_packages(recursive) check parameters
[0.825s] Level 1:colcon.colcon_core.package_discovery:discover_packages(ignore) check parameters
[0.825s] Level 1:colcon.colcon_core.package_discovery:discover_packages(path) check parameters
[0.825s] Level 1:colcon.colcon_core.package_discovery:discover_packages(colcon_meta) discover
[0.825s] Level 1:colcon.colcon_core.package_discovery:discover_packages(recursive) discover
[0.825s] INFO:colcon.colcon_core.package_discovery:Crawling recursively for packages in '/home/sana/colcon1_ws/src/control_turtle'
[0.825s] Level 1:colcon.colcon_core.package_identification:_identify(.) by extensions ['ignore', 'ignore_ament_install']
[0.826s] Level 1:colcon.colcon_core.package_identification:_identify(.) by extension 'ignore'
[0.826s] Level 1:colcon.colcon_core.package_identification:_identify(.) by extension 'ignore_ament_install'
[0.826s] Level 1:colcon.colcon_core.package_identification:_identify(.) by extensions ['colcon_pkg']
[0.826s] Level 1:colcon.colcon_core.package_identification:_identify(.) by extension 'colcon_pkg'
[0.826s] Level 1:colcon.colcon_core.package_identification:_identify(.) by extensions ['colcon_meta']
[0.826s] Level 1:colcon.colcon_core.package_identification:_identify(.) by extension 'colcon_meta'
[0.827s] Level 1:colcon.colcon_core.package_identification:_identify(.) by extensions ['ros']
[0.827s] Level 1:colcon.colcon_core.package_identification:_identify(.) by extension 'ros'
[0.869s] DEBUG:colcon.colcon_core.package_identification:Package '.' with type 'ros.ament_python' and name 'control_turtle'
[0.869s] Level 1:colcon.colcon_core.package_discovery:discover_packages(recursive) using defaults
[0.870s] Level 1:colcon.colcon_core.package_discovery:discover_packages(ignore) discover
[0.870s] Level 1:colcon.colcon_core.package_discovery:discover_packages(ignore) using defaults
[0.870s] Level 1:colcon.colcon_core.package_discovery:discover_packages(path) discover
[0.870s] Level 1:colcon.colcon_core.package_discovery:discover_packages(path) using defaults
[0.976s] Level 1:colcon.colcon_core.package_discovery:discover_packages(prefix_path) check parameters
[0.976s] Level 1:colcon.colcon_core.package_discovery:discover_packages(prefix_path) discover
[0.986s] DEBUG:colcon.colcon_installed_package_information.package_discovery:Found 1 installed packages in /home/sana/colcon1_ws/src/control_turtle/install
[0.989s] DEBUG:colcon.colcon_installed_package_information.package_discovery:Found 16 installed packages in /home/sana/colcon1_ws/install
[0.991s] DEBUG:colcon.colcon_installed_package_information.package_discovery:Found 14 installed packages in /home/sana/colcon1_ws/src/install
[0.995s] DEBUG:colcon.colcon_installed_package_information.package_discovery:Found 1 installed packages in /home/sana/colcon_ws/install
[1.001s] DEBUG:colcon.colcon_installed_package_information.package_discovery:Found 377 installed packages in /opt/ros/humble
[1.006s] Level 1:colcon.colcon_core.package_discovery:discover_packages(prefix_path) using defaults
[1.151s] Level 5:colcon.colcon_core.verb:set package 'control_turtle' build argument 'cmake_args' from command line to 'None'
[1.151s] Level 5:colcon.colcon_core.verb:set package 'control_turtle' build argument 'cmake_target' from command line to 'None'
[1.151s] Level 5:colcon.colcon_core.verb:set package 'control_turtle' build argument 'cmake_target_skip_unavailable' from command line to 'False'
[1.151s] Level 5:colcon.colcon_core.verb:set package 'control_turtle' build argument 'cmake_clean_cache' from command line to 'False'
[1.152s] Level 5:colcon.colcon_core.verb:set package 'control_turtle' build argument 'cmake_clean_first' from command line to 'False'
[1.152s] Level 5:colcon.colcon_core.verb:set package 'control_turtle' build argument 'cmake_force_configure' from command line to 'False'
[1.152s] Level 5:colcon.colcon_core.verb:set package 'control_turtle' build argument 'ament_cmake_args' from command line to 'None'
[1.152s] Level 5:colcon.colcon_core.verb:set package 'control_turtle' build argument 'catkin_cmake_args' from command line to 'None'
[1.152s] Level 5:colcon.colcon_core.verb:set package 'control_turtle' build argument 'catkin_skip_building_tests' from command line to 'False'
[1.152s] DEBUG:colcon.colcon_core.verb:Building package 'control_turtle' with the following arguments: {'ament_cmake_args': None, 'build_base': '/home/sana/colcon1_ws/src/control_turtle/build/control_turtle', 'catkin_cmake_args': None, 'catkin_skip_building_tests': False, 'cmake_args': None, 'cmake_clean_cache': False, 'cmake_clean_first': False, 'cmake_force_configure': False, 'cmake_target': None, 'cmake_target_skip_unavailable': False, 'install_base': '/home/sana/colcon1_ws/src/control_turtle/install/control_turtle', 'merge_install': False, 'path': '/home/sana/colcon1_ws/src/control_turtle', 'symlink_install': False, 'test_result_base': None}
[1.153s] INFO:colcon.colcon_core.executor:Executing jobs using 'parallel' executor
[1.156s] DEBUG:colcon.colcon_parallel_executor.executor.parallel:run_until_complete
[1.157s] INFO:colcon.colcon_ros.task.ament_python.build:Building ROS package in '/home/sana/colcon1_ws/src/control_turtle' with build type 'ament_python'
[1.157s] Level 1:colcon.colcon_core.shell:create_environment_hook('control_turtle', 'ament_prefix_path')
[1.165s] INFO:colcon.colcon_core.plugin_system:Skipping extension 'colcon_core.shell.bat': Not used on non-Windows systems
[1.166s] INFO:colcon.colcon_core.shell:Creating environment hook '/home/sana/colcon1_ws/src/control_turtle/install/control_turtle/share/control_turtle/hook/ament_prefix_path.ps1'
[1.168s] INFO:colcon.colcon_core.shell:Creating environment descriptor '/home/sana/colcon1_ws/src/control_turtle/install/control_turtle/share/control_turtle/hook/ament_prefix_path.dsv'
[1.170s] INFO:colcon.colcon_core.shell:Creating environment hook '/home/sana/colcon1_ws/src/control_turtle/install/control_turtle/share/control_turtle/hook/ament_prefix_path.sh'
[1.172s] INFO:colcon.colcon_core.shell:Skip shell extension 'powershell' for command environment: Not usable outside of PowerShell
[1.173s] DEBUG:colcon.colcon_core.shell:Skip shell extension 'dsv' for command environment
[2.113s] INFO:colcon.colcon_core.task.python.build:Building Python package in '/home/sana/colcon1_ws/src/control_turtle'
[2.115s] INFO:colcon.colcon_core.shell:Skip shell extension 'powershell' for command environment: Not usable outside of PowerShell
[2.115s] DEBUG:colcon.colcon_core.shell:Skip shell extension 'dsv' for command environment
[3.267s] DEBUG:colcon.colcon_core.event_handler.log_command:Invoking command in '/home/sana/colcon1_ws/src/control_turtle': PYTHONPATH=/home/sana/colcon1_ws/src/control_turtle/build/control_turtle/prefix_override:/usr/lib/python3/dist-packages/colcon_core/task/python/colcon_distutils_commands:/home/sana/colcon1_ws/src/control_turtle/install/control_turtle/lib/python3.10/site-packages:${PYTHONPATH} /usr/bin/python3 -W ignore:setup.py install is deprecated -W ignore:easy_install command is deprecated setup.py egg_info --egg-base build/control_turtle build --build-base /home/sana/colcon1_ws/src/control_turtle/build/control_turtle/build install --record /home/sana/colcon1_ws/src/control_turtle/build/control_turtle/install.log --single-version-externally-managed install_data
[4.241s] DEBUG:colcon.colcon_core.event_handler.log_command:Invoked command in '/home/sana/colcon1_ws/src/control_turtle' returned '0': PYTHONPATH=/home/sana/colcon1_ws/src/control_turtle/build/control_turtle/prefix_override:/usr/lib/python3/dist-packages/colcon_core/task/python/colcon_distutils_commands:/home/sana/colcon1_ws/src/control_turtle/install/control_turtle/lib/python3.10/site-packages:${PYTHONPATH} /usr/bin/python3 -W ignore:setup.py install is deprecated -W ignore:easy_install command is deprecated setup.py egg_info --egg-base build/control_turtle build --build-base /home/sana/colcon1_ws/src/control_turtle/build/control_turtle/build install --record /home/sana/colcon1_ws/src/control_turtle/build/control_turtle/install.log --single-version-externally-managed install_data
[4.250s] Level 1:colcon.colcon_core.environment:checking '/home/sana/colcon1_ws/src/control_turtle/install/control_turtle' for CMake module files
[4.253s] Level 1:colcon.colcon_core.environment:checking '/home/sana/colcon1_ws/src/control_turtle/install/control_turtle' for CMake config files
[4.255s] Level 1:colcon.colcon_core.environment:checking '/home/sana/colcon1_ws/src/control_turtle/install/control_turtle/lib'
[4.256s] Level 1:colcon.colcon_core.environment:checking '/home/sana/colcon1_ws/src/control_turtle/install/control_turtle/bin'
[4.256s] Level 1:colcon.colcon_core.environment:checking '/home/sana/colcon1_ws/src/control_turtle/install/control_turtle/lib/pkgconfig/control_turtle.pc'
[4.257s] Level 1:colcon.colcon_core.environment:checking '/home/sana/colcon1_ws/src/control_turtle/install/control_turtle/lib/python3.10/site-packages'
[4.258s] Level 1:colcon.colcon_core.shell:create_environment_hook('control_turtle', 'pythonpath')
[4.259s] INFO:colcon.colcon_core.shell:Creating environment hook '/home/sana/colcon1_ws/src/control_turtle/install/control_turtle/share/control_turtle/hook/pythonpath.ps1'
[4.261s] INFO:colcon.colcon_core.shell:Creating environment descriptor '/home/sana/colcon1_ws/src/control_turtle/install/control_turtle/share/control_turtle/hook/pythonpath.dsv'
[4.263s] INFO:colcon.colcon_core.shell:Creating environment hook '/home/sana/colcon1_ws/src/control_turtle/install/control_turtle/share/control_turtle/hook/pythonpath.sh'
[4.267s] Level 1:colcon.colcon_core.environment:checking '/home/sana/colcon1_ws/src/control_turtle/install/control_turtle/bin'
[4.267s] Level 1:colcon.colcon_core.environment:create_environment_scripts_only(control_turtle)
[4.269s] INFO:colcon.colcon_core.shell:Creating package script '/home/sana/colcon1_ws/src/control_turtle/install/control_turtle/share/control_turtle/package.ps1'
[4.272s] INFO:colcon.colcon_core.shell:Creating package descriptor '/home/sana/colcon1_ws/src/control_turtle/install/control_turtle/share/control_turtle/package.dsv'
[4.275s] INFO:colcon.colcon_core.shell:Creating package script '/home/sana/colcon1_ws/src/control_turtle/install/control_turtle/share/control_turtle/package.sh'
[4.280s] INFO:colcon.colcon_core.shell:Creating package script '/home/sana/colcon1_ws/src/control_turtle/install/control_turtle/share/control_turtle/package.bash'
[4.284s] INFO:colcon.colcon_core.shell:Creating package script '/home/sana/colcon1_ws/src/control_turtle/install/control_turtle/share/control_turtle/package.zsh'
[4.287s] Level 1:colcon.colcon_core.environment:create_file_with_runtime_dependencies(/home/sana/colcon1_ws/src/control_turtle/install/control_turtle/share/colcon-core/packages/control_turtle)
[4.288s] DEBUG:colcon.colcon_parallel_executor.executor.parallel:closing loop
[4.290s] DEBUG:colcon.colcon_parallel_executor.executor.parallel:loop closed
[4.290s] DEBUG:colcon.colcon_parallel_executor.executor.parallel:run_until_complete finished with '0'
[4.291s] DEBUG:colcon.colcon_core.event_reactor:joining thread
[4.307s] INFO:colcon.colcon_core.plugin_system:Skipping extension 'colcon_notification.desktop_notification.terminal_notifier': Not used on non-Darwin systems
[4.308s] INFO:colcon.colcon_core.plugin_system:Skipping extension 'colcon_notification.desktop_notification.win32': Not used on non-Windows systems
[4.308s] INFO:colcon.colcon_notification.desktop_notification:Sending desktop notification using 'notify2'
[4.351s] DEBUG:colcon.colcon_core.event_reactor:joined thread
[4.352s] INFO:colcon.colcon_core.shell:Creating prefix script '/home/sana/colcon1_ws/src/control_turtle/install/local_setup.ps1'
[4.355s] INFO:colcon.colcon_core.shell:Creating prefix util module '/home/sana/colcon1_ws/src/control_turtle/install/_local_setup_util_ps1.py'
[4.359s] INFO:colcon.colcon_core.shell:Creating prefix chain script '/home/sana/colcon1_ws/src/control_turtle/install/setup.ps1'
[4.366s] INFO:colcon.colcon_core.shell:Creating prefix script '/home/sana/colcon1_ws/src/control_turtle/install/local_setup.sh'
[4.368s] INFO:colcon.colcon_core.shell:Creating prefix util module '/home/sana/colcon1_ws/src/control_turtle/install/_local_setup_util_sh.py'
[4.371s] INFO:colcon.colcon_core.shell:Creating prefix chain script '/home/sana/colcon1_ws/src/control_turtle/install/setup.sh'
[4.381s] INFO:colcon.colcon_core.shell:Creating prefix script '/home/sana/colcon1_ws/src/control_turtle/install/local_setup.bash'
[4.385s] INFO:colcon.colcon_core.shell:Creating prefix chain script '/home/sana/colcon1_ws/src/control_turtle/install/setup.bash'
[4.393s] INFO:colcon.colcon_core.shell:Creating prefix script '/home/sana/colcon1_ws/src/control_turtle/install/local_setup.zsh'
[4.396s] INFO:colcon.colcon_core.shell:Creating prefix chain script '/home/sana/colcon1_ws/src/control_turtle/install/setup.zsh'
