[2.130s] Invoking command in '/home/sana/colcon1_ws/src/control_turtle': PYTHONPATH=/home/sana/colcon1_ws/src/control_turtle/build/control_turtle/prefix_override:/usr/lib/python3/dist-packages/colcon_core/task/python/colcon_distutils_commands:/home/sana/colcon1_ws/src/control_turtle/install/control_turtle/lib/python3.10/site-packages:${PYTHONPATH} /usr/bin/python3 -W ignore:setup.py install is deprecated -W ignore:easy_install command is deprecated setup.py egg_info --egg-base build/control_turtle build --build-base /home/sana/colcon1_ws/src/control_turtle/build/control_turtle/build install --record /home/sana/colcon1_ws/src/control_turtle/build/control_turtle/install.log --single-version-externally-managed install_data
[2.962s] running egg_info
[2.964s] writing build/control_turtle/control_turtle.egg-info/PKG-INFO
[2.965s] writing dependency_links to build/control_turtle/control_turtle.egg-info/dependency_links.txt
[2.966s] writing entry points to build/control_turtle/control_turtle.egg-info/entry_points.txt
[2.966s] writing requirements to build/control_turtle/control_turtle.egg-info/requires.txt
[2.967s] writing top-level names to build/control_turtle/control_turtle.egg-info/top_level.txt
[2.972s] reading manifest file 'build/control_turtle/control_turtle.egg-info/SOURCES.txt'
[2.976s] writing manifest file 'build/control_turtle/control_turtle.egg-info/SOURCES.txt'
[2.978s] running build
[2.978s] running build_py
[2.978s] copying control_turtle/perception_node.py -> /home/sana/colcon1_ws/src/control_turtle/build/control_turtle/build/lib/control_turtle
[2.978s] running install
[2.979s] running install_lib
[2.982s] copying /home/sana/colcon1_ws/src/control_turtle/build/control_turtle/build/lib/control_turtle/perception_node.py -> /home/sana/colcon1_ws/src/control_turtle/install/control_turtle/lib/python3.10/site-packages/control_turtle
[2.984s] byte-compiling /home/sana/colcon1_ws/src/control_turtle/install/control_turtle/lib/python3.10/site-packages/control_turtle/perception_node.py to perception_node.cpython-310.pyc
[2.986s]   File "/home/sana/colcon1_ws/src/control_turtle/install/control_turtle/lib/python3.10/site-packages/control_turtle/perception_node.py", line 61
[2.986s]     if __name__ == __'main'__:
[2.987s]                      ^^^^^^
[2.987s] SyntaxError: invalid syntax
[2.987s] 
[2.988s] running install_data
[2.988s] running install_egg_info
[2.994s] removing '/home/sana/colcon1_ws/src/control_turtle/install/control_turtle/lib/python3.10/site-packages/control_turtle-0.0.0-py3.10.egg-info' (and everything under it)
[2.994s] Copying build/control_turtle/control_turtle.egg-info to /home/sana/colcon1_ws/src/control_turtle/install/control_turtle/lib/python3.10/site-packages/control_turtle-0.0.0-py3.10.egg-info
[2.997s] running install_scripts
[3.067s] Installing Movment_node script to /home/sana/colcon1_ws/src/control_turtle/install/control_turtle/lib/control_turtle
[3.068s] Installing perception_node script to /home/sana/colcon1_ws/src/control_turtle/install/control_turtle/lib/control_turtle
[3.068s] writing list of installed files to '/home/sana/colcon1_ws/src/control_turtle/build/control_turtle/install.log'
[3.165s] Invoked command in '/home/sana/colcon1_ws/src/control_turtle' returned '0': PYTHONPATH=/home/sana/colcon1_ws/src/control_turtle/build/control_turtle/prefix_override:/usr/lib/python3/dist-packages/colcon_core/task/python/colcon_distutils_commands:/home/sana/colcon1_ws/src/control_turtle/install/control_turtle/lib/python3.10/site-packages:${PYTHONPATH} /usr/bin/python3 -W ignore:setup.py install is deprecated -W ignore:easy_install command is deprecated setup.py egg_info --egg-base build/control_turtle build --build-base /home/sana/colcon1_ws/src/control_turtle/build/control_turtle/build install --record /home/sana/colcon1_ws/src/control_turtle/build/control_turtle/install.log --single-version-externally-managed install_data
